// Jest Snapshot v1, https://goo.gl/fbAQLP

exports[`Tests in <JournalEntry /> should be displayed correctly 1`] = `
<div
  className="journal__entry pointer animate__animated animate__fadeIn animate__faster"
  onClick={[Function]}
>
  <div
    className="journal__entry-picture"
    style={
      Object {
        "backgroundImage": "url(https://test.com/test.png)",
        "backgroundSize": "cover",
      }
    }
  />
  <div
    className="journal__entry-body"
  >
    <p
      className="journal__entry-title"
    >
      Test title
    </p>
    <p
      className="journal__entry-content"
    >
      Test body
    </p>
  </div>
  <div
    className="journal__entry-date-box"
  >
    <span>
       
      January
       
    </span>
    <h4>
       
      01
       
    </h4>
    <span>
       
      1970
       
    </span>
  </div>
</div>
`;
